ARM Linker, 5.03 [Build 24] [MDK-ARM Lite]

==============================================================================

Section Cross References



==============================================================================

Image Symbol Table

    Local Symbols

    Symbol Name                              Value     Ov Type        Size  Object(Section)

    EXP11                                    0x00000000   Section      188  exp11.o(EXP11)
    exp11.asm                                0x00000000   Number         0  exp11.o ABSOLUTE
    A_VAL                                    0x00000074   Data           4  exp11.o(EXP11)
    B_VAL                                    0x00000078   Data           4  exp11.o(EXP11)
    X_VAL                                    0x0000007c   Data           4  exp11.o(EXP11)
    Y_VAL                                    0x00000080   Data           4  exp11.o(EXP11)
    RESULT_A                                 0x00000084   Data           4  exp11.o(EXP11)
    X2_VAL                                   0x00000088   Data           4  exp11.o(EXP11)
    Y2_VAL                                   0x0000008c   Data           4  exp11.o(EXP11)
    Z_VAL                                    0x00000090   Data           4  exp11.o(EXP11)
    RESULT_B                                 0x00000094   Data           4  exp11.o(EXP11)

    Global Symbols

    Symbol Name                              Value     Ov Type        Size  Object(Section)

    BuildAttributes$$THM_ISAv1$ARM_ISAv4$S$PE$A:L22$X:L11$S22$IEEE1$IW$USESV6$~STKCKD$USESV7$~SHL$OSPACE$EBA8$STANDARDLIB$PRES8$EABIv2 0x00000000   Number         0  anon$$obj.o ABSOLUTE
    _start                                   0x00000000   ARM Code       0  exp11.o(EXP11)



==============================================================================

Memory Map of the image

  Image Entry point : 0x00000000

  Load Region LR_1 (Base: 0x00000000, Size: 0x000000bc, Max: 0xffffffff, ABSOLUTE)

    Execution Region ER_RO (Base: 0x00000000, Size: 0x000000bc, Max: 0xffffffff, ABSOLUTE)

    Base Addr    Size         Type   Attr      Idx    E Section Name        Object

    0x00000000   0x000000bc   Code   RO            1  * EXP11               exp11.o


    Execution Region ER_RW (Base: 0x00000000, Size: 0x00000000, Max: 0xffffffff, ABSOLUTE)

    **** No section assigned to this execution region ****


    Execution Region ER_ZI (Base: 0x00000000, Size: 0x00000000, Max: 0xffffffff, ABSOLUTE)

    **** No section assigned to this execution region ****


==============================================================================

Image component sizes


      Code (inc. data)   RO Data    RW Data    ZI Data      Debug   Object Name

       188         72          0          0          0        236   exp11.o

    ----------------------------------------------------------------------
       188         72          0          0          0        236   Object Totals
         0          0          0          0          0          0   (incl. Generated)
         0          0          0          0          0          0   (incl. Padding)

    ----------------------------------------------------------------------
         0          0          0          0          0          0   Library Totals
         0          0          0          0          0          0   (incl. Padding)

    ----------------------------------------------------------------------

==============================================================================


      Code (inc. data)   RO Data    RW Data    ZI Data      Debug   

       188         72          0          0          0        236   Grand Totals
       188         72          0          0          0        236   ELF Image Totals
       188         72          0          0          0          0   ROM Totals

==============================================================================

    Total RO  Size (Code + RO Data)                  188 (   0.18kB)
    Total RW  Size (RW Data + ZI Data)                 0 (   0.00kB)
    Total ROM Size (Code + RO Data + RW Data)        188 (   0.18kB)

==============================================================================

